../Core/Src/main.c:71:6:HAL_TIM_PWM_PulseFinishedCallback	16	static
../Core/Src/main.c:77:6:pwmDataInit	24	static
../Core/Src/main.c:87:6:pwmDataSetColor	32	static
../Core/Src/main.c:105:5:main	8	static
../Core/Src/main.c:163:6:SystemClock_Config	88	static
../Core/Src/main.c:210:13:MX_TIM1_Init	96	static
../Core/Src/main.c:285:13:MX_USART2_UART_Init	8	static
../Core/Src/main.c:316:13:MX_DMA_Init	16	static
../Core/Src/main.c:334:13:MX_GPIO_Init	48	static
../Core/Src/main.c:384:6:HAL_TIM_PeriodElapsedCallback	16	static
../Core/Src/main.c:401:6:Error_Handler	4	static,ignoring_inline_asm
